src/App.tsx(20,30): error TS2339: Property 'env' does not exist on type 'ImportMeta'.
src/App.tsx(20,64): error TS2339: Property 'env' does not exist on type 'ImportMeta'.
